20260817.190025.702 infra  Trace started
 Version: s3270 v4.5ga6 Mon Aug 17 18:33:19 UTC 2026 athor
 Build options: --enable-local-process via gcc 14.4.0 64-bit
 Command: /home/a/athor/src/suite3270-4.5/obj/x86_64-conda-linux-gnu/s3270/s3270 -model 2 -trace -tracefile /tmp/ref.trace 127.0.0.1:3270
 Model 3279-2-E, 24 rows x 80 cols, color display, extended data stream, color emulation, code page bracket
 Locale codeset: UTF-8
 Host codepage: 37
 Settings: acceptHostname= aidWait=true alwaysInsert=false bindLimit=true
  blankFill=true caDir= caFile= certFile= certFileType= chainFile=
  codePage=bracket confDir=/usr/local/etc/x3270 contentionResolution=true
  devName= extendedDataStream=true ftBufferSize=16384 httpd= insertMode=false
  keyFile= keyFileType= keyPasswd= lineMode=true lineWrap=false loginMacro=
  model=3279-2-E monoCase=false noTelnetInputMode=line nopSeconds=0
  oerrLock=true oversize= preferIpv4=false preferIpv6=false printer.options=
  printerLu= proxy= reconnect=false retry=false reverseInputMode=false
  rightToLeftMode=false rpq= screenTrace=false scriptPort= showTiming=false
  startTls=true termName= tls992=true tlsMaxProtocol= tlsMinProtocol=
  tlsSecurityLevel= trace=true underscoreBlankFill=true unlockDelay=false
  unlockDelayMs=350 user= verifyHostCert=true wrongTerminalName=false
 Connection state: not-connected
 Data stream:
20260817.190025.702 infra  st_changed(secure,false)
20260817.190025.702 socket Resolver slot is 0
20260817.190025.702 infra  cstate [not-connected] -> [resolving] (host_connect)
20260817.190025.702 infra  st_changed(connect,true)
20260817.190025.702 kybd   Keyboard unlock(kybd_connect) NOT_CONNECTED -NOT_CONNECTED -> none
20260817.190025.702 kybd   Keyboard lock(kybd_connect) none +NOT_CONNECTED -> NOT_CONNECTED
20260817.190025.702 infra  ctlr_enable_cursor(false, connect)
20260817.190025.702 infra  st_changed(negotiating,true)
20260817.190025.702 sched  Waiting for 1 event or 1.000 sec
20260817.190025.702 sched  Got 1 fd, 1 event
20260817.190025.702 socket Resolution complete, 1 address
20260817.190025.705 tls    Will verify host certificate
20260817.190025.711 socket Making host socket non-blocking
20260817.190025.711 socket Trying 127.0.0.1, port 3270...
20260817.190025.711 socket TCP connection pending.
20260817.190025.711 infra  cstate [resolving] -> [tcp-pending] (host_continue_connect)
20260817.190025.711 infra  st_changed(negotiating,true)
20260817.190025.711 infra  txflush: 33 slots, 2008 bytes
20260817.190025.712 sched  Waiting for 4 events or 0.000 sec
20260817.190025.712 sched  Got 1 fd, 1 event
20260817.190025.712 socket Output possible
20260817.190025.712 infra  cstate [tcp-pending] -> [telnet-pending] (host_connected)
20260817.190025.712 infra  st_changed(connect,true)
20260817.190025.712 kybd   Keyboard unlock(kybd_connect) NOT_CONNECTED -NOT_CONNECTED -> none
20260817.190025.712 kybd   Keyboard lock(kybd_connect) none +AWAITING_FIRST -> AWAITING_FIRST
20260817.190025.712 infra  Host negotiation step took 0.000094s to complete
20260817.190025.712 infra  ctlr_enable_cursor(true, connect)
20260817.190025.712 infra  ctlr_enable_cursor(true, nvt)
20260817.190025.712 infra  st_changed(negotiating,true)
20260817.190025.712 socket Connected to 127.0.0.1, port 3270.
20260817.190025.712 infra  st_changed(secure,false)
20260817.190025.712 infra  st_changed(line-mode,true)
20260817.190025.712 infra  txflush: 21 slots, 744 bytes
20260817.190025.712 sched  Waiting for 3 events or 0.999 sec
20260817.190025.712 sched  Got 1 fd, 1 event
20260817.190025.712 socket Reading host socket
20260817.190025.712 socket Host socket read complete nr=3
< 0x0   fffd18
20260817.190025.712 telnet RCVD DO TERMINAL TYPE
> 0x0   fffb18
20260817.190025.712 telnet SENT WILL TERMINAL TYPE
20260817.190025.712 sched  Waiting for 3 events or 0.999 sec
20260817.190025.712 sched  Got 1 fd, 1 event
20260817.190025.712 socket Reading host socket
20260817.190025.712 socket Host socket read complete nr=6
< 0x0   fffa1801fff0
20260817.190025.712 telnet RCVD SB TERMINAL TYPE SEND
> 0x0   fffa180049424d2d333237392d322d45fff0
20260817.190025.712 telnet SENT SB TERMINAL TYPE IS IBM-3279-2-E SE
20260817.190025.712 sched  Waiting for 3 events or 0.999 sec
20260817.190025.712 sched  Got 1 fd, 1 event
20260817.190025.712 socket Reading host socket
20260817.190025.712 socket Host socket read complete nr=9
< 0x0   fffb00fffd00fffb19
20260817.190025.712 telnet RCVD WILL BINARY
> 0x0   fffd00
20260817.190025.712 telnet SENT DO BINARY
20260817.190025.712 telnet RCVD DO BINARY
> 0x0   fffb00
20260817.190025.712 telnet SENT WILL BINARY
20260817.190025.712 telnet RCVD WILL END OF RECORD
> 0x0   fffd19
20260817.190025.712 telnet SENT DO END OF RECORD
> 0x0   fffb19
20260817.190025.712 telnet SENT WILL END OF RECORD
20260817.190025.712 tn3270 Aborting TN3270E: negotiated off
20260817.190025.712 tn3270 Now operating in connected-3270 mode.
20260817.190025.712 infra  cstate [telnet-pending] -> [connected-3270] (host_in3270)
20260817.190025.712 infra  st_changed(3270-mode,true)
20260817.190025.712 infra  Host negotiation step took 0.000547s to complete
20260817.190025.712 infra  ctlr_enable_cursor(true, connect)
20260817.190025.712 infra  txflush: 17 slots, 680 bytes
20260817.190025.712 task   CB(s3stdin)[#1] started
20260817.190025.712 task   CB(s3stdin)[#1.1] IDLE -> RUNNING (child task to be pushed next)
20260817.190025.712 task   Macro[#1.2] IDLE -> RUNNING (fresh push)
20260817.190025.712 task   Macro[#1.2] RUNNING -> IDLE (about to resume)
20260817.190025.712 task   Macro[#1.2] running
20260817.190025.712 task   Macro[#1.2] IDLE -> RUNNING (executing)
20260817.190025.712 task   Macro[#1.2] 'Wait(inputfield)'
20260817.190025.712 infra  script -> Wait("inputfield")
20260817.190025.712 task   Macro[#1.2] RUNNING -> WAIT_IFIELD (Wait(inputfield))
20260817.190025.712 sched  Waiting for 3 events
20260817.190025.712 sched  Got 1 fd, 1 event
20260817.190025.712 socket Reading host socket
20260817.190025.712 socket Host socket read complete nr=966
< 0x0   fffd19f5421140401d60c8859983a49385a240e58599a289969540407a1140d4
< 0x20  1de8f44bf64bf04bf1f0f9f5f460c185a38899816087f8f4f2f483f681f011c1
< 0x40  501d60c896a2a340958194854040404040404040407a11c1e41de881a3889699
< 0x60  60958211c2601d60c896a2a340d6e240404040404040404040407a11c2f41de8
< 0x80  d38995a4a760f54bf1f44bf060f5f7f04bf6f04bf14ef94bf14b8593f96df66d
< 0xa0  8389984ba7f8f66df6f411c3f01d60c896a2a340c199838889a38583a3a49985
< 0xc0  407a11c4c41de8a7f8f66df6f411c5401d60d799968385a2a29699a240404040
< 0xe0  404040407a11c5d41de8d4d77ef1f2f811c6501d60d3d7c1d940d58194854040
< 0x100 404040404040407a11c6e41de8c8c5d9c3e4d3c5e211c7601d60c485a5898385
< 0x120 4095a49482859940404040407a11c7f41de8f07af0f2c3f811c8f01d60e2a482
< 0x140 8388819595859340404040404040407a11c9c41de8f0f0f2c311c8f01d60114a
< 0x160 401d60114b501d60404040404040404040e3888540c8859983a49385a240e261
< 0x180 f3f7f06b40c5e2c161f3f9f04081958440a961c199838889a38583a3a4998540
< 0x1a0 c594a49381a39699114c601d6040404040404040404040404040404040404040
< 0x1c0 4040404040404040404040404040406d404040406d4040404040404040404040
< 0x1e0 404040404040114df01d60404040404040404040404040404040404040404040
< 0x200 61e04040404040404040404f404f40404f404f40404040404040404040404040
< 0x220 404040114f401d604040404040404040404040404040404040404040614040e0
< 0x240 404040406d6d6d404f404f6d404f404f6d6d4040406d406d6d40406d6d406d40
< 0x260 1150501d6040404040404040404040404040404040404040614061e040e04040
< 0x280 61406d40e04f406d6d4f4f407d6d40e0404f407d6d6d4f61406d79404f11d160
< 0x2a0 1d6040404040404040404040404040404040404061406d6d6d6d40e04f40406d
< 0x2c0 6d614f404f6d404f404f404f404f4f404f40404f404d6d4f404f11d2f01d6040
< 0x2e0 40404040404040404040404040404040616d6140404040e06de0e06d6d6d4f40
< 0x300 e06d6d4f4f6d4f404f6d4f4f6d4f404040e06d6d6b6d4f11d4401d6011d5501d
< 0x320 6040404040404040404040404040404040404040404040d4a840d7c340a38889
< 0x340 9592a24089a37da2408140d4c1c9d5c6d9c1d4c55a11d6601d6011d7f01d6040
< 0x360 404040404040404040404040c39697a899898788a340d99687859940c296a693
< 0x380 85996b40d1819540d181858785996b408195844096a3888599a2ffeff5c2115b
< 0x3a0 5f1d4d13125d6b115b5f1dc1115d6b1d60d9e4d5d5c9d5c7404040e5d4f3f7f0
< 0x3c0 c3c54040ffef
20260817.190025.714 telnet RCVD DO END OF RECORD
< EraseWrite(reset,restore) SetBufferAddress(1,1) StartField(protected) 'He ...
... rcules Version  :' SetBufferAddress(1,21) StartField(protected,intensif ...
... ied) '4.6.0.10954-Aethra-g8424c6a0' SetBufferAddress(2,1) StartField(pr ...
... otected) 'Host name         :' SetBufferAddress(2,21) StartField(protec ...
... ted,intensified) 'athor-nb' SetBufferAddress(3,1) StartField(protected) ...
...  'Host OS           :' SetBufferAddress(3,21) StartField(protected,inte ...
... nsified) 'Linux-5.14.0-570.60.1+9.1.el9_6_ciq.x86_64' SetBufferAddress( ...
... 4,1) StartField(protected) 'Host Architecture :' SetBufferAddress(4,21) ...
...  StartField(protected,intensified) 'x86_64' SetBufferAddress(5,1) Start ...
... Field(protected) 'Processors        :' SetBufferAddress(5,21) StartFiel ...
... d(protected,intensified) 'MP=128' SetBufferAddress(6,1) StartField(prot ...
... ected) 'LPAR Name         :' SetBufferAddress(6,21) StartField(protecte ...
... d,intensified) 'HERCULES' SetBufferAddress(7,1) StartField(protected) ' ...
... Device number     :' SetBufferAddress(7,21) StartField(protected,intens ...
... ified) '0:02C8' SetBufferAddress(8,1) StartField(protected) 'Subchannel ...
...         :' SetBufferAddress(8,21) StartField(protected,intensified) '00 ...
... 2C' SetBufferAddress(8,1) StartField(protected) SetBufferAddress(9,1) S ...
... tartField(protected) SetBufferAddress(10,1) StartField(protected) '     ...
...      The Hercules S/370, ESA/390 and z/Architecture Emulator' SetBuffer ...
... Address(11,1) StartField(protected) '                                   ...
... _    _                 ' SetBufferAddress(12,1) StartField(protected) ' ...
...                      /\         | |  | |                ' SetBufferAddr ...
... ess(13,1) StartField(protected) '                    /  \    ___ | |_ | ...
...  |__   _ __  __ _ ' SetBufferAddress(14,1) StartField(protected) '      ...
...               / /\ \  / _ \| __|| '_ \ | '__|/ _` |' SetBufferAddress(1 ...
... 5,1) StartField(protected) '                  / ____ \|  __/| |_ | | |  ...
... || |  | (_| |' SetBufferAddress(16,1) StartField(protected) '           ...
...        /_/    \_\\___| \__||_| |_||_|   \__,_|' SetBufferAddress(17,1)  ...
... StartField(protected) SetBufferAddress(18,1) StartField(protected) '    ...
...                    My PC thinks it's a MAINFRAME!' SetBufferAddress(19, ...
... 1) StartField(protected) SetBufferAddress(20,1) StartField(protected) ' ...
...              Copyright Roger Bowler, Jan Jaeger, and others'
20260817.190025.716 kybd   Keyboard unlock(ctlr_write) AWAITING_FIRST -AWAITING_FIRST -> none
20260817.190025.716 telnet RCVD EOR
< EraseWrite(reset,restore) SetBufferAddress(22,80) StartField(nondisplay,m ...
... odified) InsertCursor(23,1) EraseUnprotectedAll(24,60) SetBufferAddress ...
... (22,80) StartField(modified) SetBufferAddress(24,60) StartField(protect ...
... ed) 'RUNNING   VM370CE  '
20260817.190025.716 telnet RCVD EOR
20260817.190025.716 infra  txflush: 884 slots, 21664 bytes
20260817.190025.716 task   Macro[#1.2] WAIT_IFIELD -> IDLE (about to resume)
20260817.190025.716 task   Macro[#1.2] running
20260817.190025.716 task   Macro[#1.2] complete, success
20260817.190025.716 task   CB(s3stdin)[#1.1] RUNNING -> IDLE (about to resume)
20260817.190025.716 task   CB(s3stdin)[#1.1] child task done, success
20260817.190025.716 infra  Output for CB(s3stdin)[#1.1]: U F U C(127.0.0.1) I 2 24 80 22 0 0x0 0.004/ok
20260817.190025.716 task   CB(s3stdin)[#1.1] complete, success
20260817.190025.716 task   CB(s3stdin)[#1] complete
20260817.190025.716 sched  Waiting for 4 events
20260817.190025.716 sched  Got 2 fds, 3 events
20260817.190025.716 socket Reading host socket
20260817.190025.716 socket Host socket read complete nr=811
< 0x0   f1c6114040e5d461f3f7f040d695938995854040404040404011c5d140404040
< 0x20  4040404040e5e54040404040404040e5e540404040d4d44040404040404040d4
< 0x40  d440404040404040404011c661404040404040404040e5e54040404040404040
< 0x60  e5e540404040d4d4d4404040404040d4d4d440404040404040404011c7f14040
< 0x80  f3f3f3f3f3f3f3f3f3f34040404040f7f7f7f7f7f7f7f7f7f7f7f740404040d4
< 0xa0  d4f0f0f0f0f0f0f0f040404011c9c140f3f3f3f3f3f3f3f3f3f3f3f340404040
< 0xc0  f7f7f7f7f7f7f7f7f7f7f7d4d44040d4d4f0f0f0f0f0f0f0f0f0f04040114ad1
< 0xe0  40f3f3404040404040e5e5f3f340404040f7f7e5e540404040f7f74040d4d4d4
< 0x100 d4f0f0d4d4404040404040f0f040114b6140404040404040404040e5f3f34040
< 0x120 404040e5e540404040f7f7d4404040d4d440f0f0d4d4404040404040f0f04011
< 0x140 4cf14040404040404040404040f3f340404040e5e540404040f7f7d4d4404040
< 0x160 404040f0f0d4d4404040404040f0f040114ec14040404040404040f3f3f3f3e5
< 0x180 e54040e5e540404040f7f740d4d4404040404040f0f0d4d4404040404040f0f0
< 0x1a0 40114fd14040404040404040f3f3f3f340e5e5e5e54040404040f7f740d4d440
< 0x1c0 4040404040f0f0d4d4404040404040f0f0401150614040404040404040404040
< 0x1e0 f3f340e5e5404040404040f7f740d4d4404040404040f0f0d4d4404040404040
< 0x200 f0f04011d1f14040404040404040404040f3f3404040404040404040f7f74040
< 0x220 40404040404040f0f04040404040404040f0f04011d3c140f3f3404040404040
< 0x240 4040f3f3404040404040404040f7f7404040404040404040f0f0404040404040
< 0x260 4040f0f04011d4d140f3f3f3f3f3f3f3f3f3f3f3f3404040404040404040f7f7
< 0x280 40404040404040404040f0f0f0f0f0f0f0f0f0f0404011d5614040f3f3f3f3f3
< 0x2a0 f3f3f3f3f340404040404040404040f7f74040404040404040404040f0f0f0f0
< 0x2c0 f0f0f0f040404011d6f140404040404040404040404040404040404040404040
< 0x2e0 40404040404040404040404040404040404040404040404011d8c140404040e5
< 0x300 d461f3f7f040c3969494a49589a3a840c58489a389969540e5f140d985938581
< 0x320 a28540f14bf2404040ffef
< Write(reset,alarm,restore) SetBufferAddress(1,1) 'VM/370 Online       ' S ...
... etBufferAddress(5,18) '         VV        VV    MM        MM         '  ...
... SetBufferAddress(6,18) '         VV        VV    MMM      MMM         ' ...
...  SetBufferAddress(7,18) '  3333333333     777777777777    MM00000000    ...
... ' SetBufferAddress(8,18) ' 333333333333    77777777777MM  MM0000000000  ...
...  ' SetBufferAddress(9,18) ' 33      VV33    77VV    77  MMMM00MM      0 ...
... 0 ' SetBufferAddress(10,18) '          V33     VV    77M   MM 00MM      ...
...  00 ' SetBufferAddress(11,18) '           33    VV    77MM      00MM    ...
...    00 ' SetBufferAddress(12,18) '        3333VV  VV    77 MM      00MM  ...
...      00 ' SetBufferAddress(13,18) '        3333 VVVV     77 MM      00M ...
... M      00 ' SetBufferAddress(14,18) '           33 VV      77 MM      0 ...
... 0MM      00 ' SetBufferAddress(15,18) '           33         77         ...
...  00        00 ' SetBufferAddress(16,18) ' 33        33         77       ...
...    00        00 ' SetBufferAddress(17,18) ' 333333333333         77     ...
...       0000000000  ' SetBufferAddress(18,18) '  3333333333          77   ...
...          00000000   ' SetBufferAddress(19,18) '                         ...
...                       ' SetBufferAddress(20,18) '    VM/370 Community E ...
... dition V1 Release 1.2   '
20260817.190025.719 telnet RCVD EOR
20260817.190025.719 script s3stdin got 'Wait(3270Mode)\n'
20260817.190025.719 task   CB(s3stdin)[#2] started
20260817.190025.719 task   CB(s3stdin)[#2.1] IDLE -> RUNNING (child task to be pushed next)
20260817.190025.719 task   Macro[#2.2] IDLE -> RUNNING (fresh push)
20260817.190025.719 infra  txflush: 799 slots, 19496 bytes
20260817.190025.719 task   Macro[#2.2] RUNNING -> IDLE (about to resume)
20260817.190025.719 task   Macro[#2.2] running
20260817.190025.719 task   Macro[#2.2] IDLE -> RUNNING (executing)
20260817.190025.719 task   Macro[#2.2] 'Wait(3270Mode)'
20260817.190025.719 infra  script -> Wait("3270Mode")
20260817.190025.719 task   Macro[#2.2] complete, success
20260817.190025.719 task   CB(s3stdin)[#2.1] RUNNING -> IDLE (about to resume)
20260817.190025.719 task   CB(s3stdin)[#2.1] child task done, success
20260817.190025.719 infra  Output for CB(s3stdin)[#2.1]: U F U C(127.0.0.1) I 2 24 80 22 0 0x0 0.000/ok
20260817.190025.719 task   CB(s3stdin)[#2.1] complete, success
20260817.190025.719 task   CB(s3stdin)[#2] complete
20260817.190025.719 sched  Waiting for 4 events
20260817.190025.719 sched  Got 1 fd, 2 events
20260817.190025.719 script s3stdin got 'Wait(InputField)\n'
20260817.190025.719 task   CB(s3stdin)[#3] started
20260817.190025.719 task   CB(s3stdin)[#3.1] IDLE -> RUNNING (child task to be pushed next)
20260817.190025.719 task   Macro[#3.2] IDLE -> RUNNING (fresh push)
20260817.190025.719 infra  txflush: 30 slots, 1072 bytes
20260817.190025.719 task   Macro[#3.2] RUNNING -> IDLE (about to resume)
20260817.190025.719 task   Macro[#3.2] running
20260817.190025.719 task   Macro[#3.2] IDLE -> RUNNING (executing)
20260817.190025.719 task   Macro[#3.2] 'Wait(InputField)'
20260817.190025.719 infra  script -> Wait("InputField")
20260817.190025.719 task   Macro[#3.2] complete, success
20260817.190025.719 task   CB(s3stdin)[#3.1] RUNNING -> IDLE (about to resume)
20260817.190025.719 task   CB(s3stdin)[#3.1] child task done, success
20260817.190025.719 infra  Output for CB(s3stdin)[#3.1]: U F U C(127.0.0.1) I 2 24 80 22 0 0x0 0.000/ok
20260817.190025.719 task   CB(s3stdin)[#3.1] complete, success
20260817.190025.719 task   CB(s3stdin)[#3] complete
20260817.190025.719 sched  Waiting for 4 events
20260817.190025.719 sched  Got 1 fd, 2 events
20260817.190025.720 script s3stdin got 'String("LOGON CMSUSER")\n'
20260817.190025.720 task   CB(s3stdin)[#4] started
20260817.190025.720 task   CB(s3stdin)[#4.1] IDLE -> RUNNING (child task to be pushed next)
20260817.190025.720 task   Macro[#4.2] IDLE -> RUNNING (fresh push)
20260817.190025.720 infra  txflush: 30 slots, 1072 bytes
20260817.190025.720 task   Macro[#4.2] RUNNING -> IDLE (about to resume)
20260817.190025.720 task   Macro[#4.2] running
20260817.190025.720 task   Macro[#4.2] IDLE -> RUNNING (executing)
20260817.190025.720 task   Macro[#4.2] 'String("LOGON CMSUSER")'
20260817.190025.720 infra  script -> String("LOGON CMSUSER")
20260817.190025.720 task   CB(String)[#4.3] IDLE -> NEED_RUN (need to call run callback)
20260817.190025.720 task   CB(String)[#4.3] NEED_RUN -> IDLE (about to resume)
20260817.190025.720 task   Running CB(String)[#4.3]
20260817.190025.720 kybd    string -> Key(U+004c)
20260817.190025.720 kybd    string -> Key(U+004f)
20260817.190025.720 kybd    string -> Key(U+0047)
20260817.190025.720 kybd    string -> Key(U+004f)
20260817.190025.720 kybd    string -> Key(U+004e)
20260817.190025.720 kybd    string -> Key(U+0020)
20260817.190025.720 kybd    string -> Key(U+0043)
20260817.190025.720 kybd    string -> Key(U+004d)
20260817.190025.720 kybd    string -> Key(U+0053)
20260817.190025.720 kybd    string -> Key(U+0055)
20260817.190025.720 kybd    string -> Key(U+0053)
20260817.190025.720 kybd    string -> Key(U+0045)
20260817.190025.720 kybd    string -> Key(U+0052)
20260817.190025.720 task   CB(String)[#4.3] is complete, success
20260817.190025.720 task   CB(String)[#4.3] complete, success
20260817.190025.720 task   Macro[#4.2] RUNNING -> IDLE (about to resume)
20260817.190025.720 task   Macro[#4.2] running
20260817.190025.720 task   Macro[#4.2] complete, success
20260817.190025.720 task   CB(s3stdin)[#4.1] RUNNING -> IDLE (about to resume)
20260817.190025.720 task   CB(s3stdin)[#4.1] child task done, success
20260817.190025.720 infra  Output for CB(s3stdin)[#4.1]: U F U C(127.0.0.1) I 2 24 80 22 13 0x0 0.000/ok
20260817.190025.720 task   CB(s3stdin)[#4.1] complete, success
20260817.190025.720 task   CB(s3stdin)[#4] complete
20260817.190025.720 sched  Waiting for 4 events
20260817.190025.720 sched  Got 1 fd, 2 events
20260817.190025.720 script s3stdin got 'Enter\n'
20260817.190025.720 task   CB(s3stdin)[#5] started
20260817.190025.720 task   CB(s3stdin)[#5.1] IDLE -> RUNNING (child task to be pushed next)
20260817.190025.720 task   Macro[#5.2] IDLE -> RUNNING (fresh push)
20260817.190025.720 infra  txflush: 56 slots, 2000 bytes
20260817.190025.720 task   Macro[#5.2] RUNNING -> IDLE (about to resume)
20260817.190025.720 task   Macro[#5.2] running
20260817.190025.720 task   Macro[#5.2] IDLE -> RUNNING (executing)
20260817.190025.720 task   Macro[#5.2] 'Enter'
20260817.190025.720 infra  script -> Enter()
20260817.190025.720 kybd   Keyboard lock(key_AID) none +OIA_TWAIT +OIA_LOCKED -> OIA_TWAIT OIA_LOCKED
> Enter(23,14) SetBufferAddress(23,1) 'LOGON CMSUSER'
> 0x0   7d5b6d115b60d3d6c7d6d540c3d4e2e4e2c5d9ffef
20260817.190025.720 telnet SENT EOR
20260817.190025.720 task   Macro[#5.2] RUNNING -> KBWAIT (keyboard locked)
20260817.190025.720 sched  Waiting for 3 events or 0.999 sec
20260817.190025.720 sched  Got 1 fd, 1 event
20260817.190025.720 socket Reading host socket
20260817.190025.720 socket Host socket read complete nr=75
< 0x0   f5c2115b5f1d4d13125d6b115b5f1dc1115d6b1d60d9e4d5d5c9d5c7404040e5
< 0x20  d4f3f7f0c3c54040ffeff1c2115b5f1dc1115d6b1d60c3d740d9c5c1c4404040
< 0x40  e5d4f3f7f0c3c54040ffef
< EraseWrite(reset,restore) SetBufferAddress(22,80) StartField(nondisplay,m ...
... odified) InsertCursor(23,1) EraseUnprotectedAll(24,60) SetBufferAddress ...
... (22,80) StartField(modified) SetBufferAddress(24,60) StartField(protect ...
... ed) 'RUNNING   VM370CE  '
20260817.190025.721 kybd   Keyboard unlock(do_reset) OIA_TWAIT OIA_LOCKED -OIA_TWAIT -OIA_LOCKED -> none
20260817.190025.721 infra  Host operation took 0.000225s to complete
20260817.190025.721 telnet RCVD EOR
< Write(reset,restore) SetBufferAddress(22,80) StartField(modified) SetBuff ...
... erAddress(24,60) StartField(protected) 'CP READ   VM370CE  '
20260817.190025.721 telnet RCVD EOR
20260817.190025.721 infra  txflush: 89 slots, 2488 bytes
20260817.190025.721 task   Macro[#5.2] KBWAIT -> IDLE (about to resume)
20260817.190025.721 task   Macro[#5.2] running
20260817.190025.721 task   Macro[#5.2] complete, success
20260817.190025.721 task   CB(s3stdin)[#5.1] RUNNING -> IDLE (about to resume)
20260817.190025.721 task   CB(s3stdin)[#5.1] child task done, success
20260817.190025.721 infra  Output for CB(s3stdin)[#5.1]: U F U C(127.0.0.1) I 2 24 80 22 0 0x0 0.001/ok
20260817.190025.721 task   CB(s3stdin)[#5.1] complete, success
20260817.190025.721 task   CB(s3stdin)[#5] complete
20260817.190025.721 sched  Waiting for 4 events
20260817.190025.721 sched  Got 1 fd, 2 events
20260817.190025.721 script s3stdin got 'Wait(Unlock)\n'
20260817.190025.721 task   CB(s3stdin)[#6] started
20260817.190025.721 task   CB(s3stdin)[#6.1] IDLE -> RUNNING (child task to be pushed next)
20260817.190025.721 task   Macro[#6.2] IDLE -> RUNNING (fresh push)
20260817.190025.721 infra  txflush: 23 slots, 824 bytes
20260817.190025.721 task   Macro[#6.2] RUNNING -> IDLE (about to resume)
20260817.190025.721 task   Macro[#6.2] running
20260817.190025.721 task   Macro[#6.2] IDLE -> RUNNING (executing)
20260817.190025.721 task   Macro[#6.2] 'Wait(Unlock)'
20260817.190025.722 infra  script -> Wait("Unlock")
20260817.190025.722 task   Macro[#6.2] complete, success
20260817.190025.722 task   CB(s3stdin)[#6.1] RUNNING -> IDLE (about to resume)
20260817.190025.722 task   CB(s3stdin)[#6.1] child task done, success
20260817.190025.722 infra  Output for CB(s3stdin)[#6.1]: U F U C(127.0.0.1) I 2 24 80 22 0 0x0 0.000/ok
20260817.190025.722 task   CB(s3stdin)[#6.1] complete, success
20260817.190025.722 task   CB(s3stdin)[#6] complete
20260817.190025.722 sched  Waiting for 4 events
20260817.190025.722 sched  Got 1 fd, 2 events
20260817.190025.722 script s3stdin got 'Enter\n'
20260817.190025.722 task   CB(s3stdin)[#7] started
20260817.190025.722 task   CB(s3stdin)[#7.1] IDLE -> RUNNING (child task to be pushed next)
20260817.190025.722 task   Macro[#7.2] IDLE -> RUNNING (fresh push)
20260817.190025.722 infra  txflush: 30 slots, 1040 bytes
20260817.190025.722 task   Macro[#7.2] RUNNING -> IDLE (about to resume)
20260817.190025.722 task   Macro[#7.2] running
20260817.190025.722 task   Macro[#7.2] IDLE -> RUNNING (executing)
20260817.190025.722 task   Macro[#7.2] 'Enter'
20260817.190025.722 infra  script -> Enter()
20260817.190025.722 kybd   Keyboard lock(key_AID) none +OIA_TWAIT +OIA_LOCKED -> OIA_TWAIT OIA_LOCKED
> Enter(23,1) SetBufferAddress(23,1)
> 0x0   7d5b60115b60ffef
20260817.190025.722 telnet SENT EOR
20260817.190025.722 task   Macro[#7.2] RUNNING -> KBWAIT (keyboard locked)
20260817.190025.722 sched  Waiting for 3 events or 0.999 sec
20260817.190025.722 sched  Got 1 fd, 1 event
20260817.190025.722 socket Reading host socket
20260817.190025.722 socket Host socket read complete nr=42
< 0x0   f1c2115b5f1d4d13125d6b115b5f1dc1115d6b1d60d9e4d5d5c9d5c7404040e5
< 0x20  d4f3f7f0c3c54040ffef
< Write(reset,restore) SetBufferAddress(22,80) StartField(nondisplay,modifi ...
... ed) InsertCursor(23,1) EraseUnprotectedAll(24,60) SetBufferAddress(22,8 ...
... 0) StartField(modified) SetBufferAddress(24,60) StartField(protected) ' ...
... RUNNING   VM370CE  '
20260817.190025.722 kybd   Keyboard unlock(do_reset) OIA_TWAIT OIA_LOCKED -OIA_TWAIT -OIA_LOCKED -> none
20260817.190025.722 infra  Host operation took 0.000247s to complete
20260817.190025.722 telnet RCVD EOR
20260817.190025.722 infra  txflush: 52 slots, 1584 bytes
20260817.190025.722 task   Macro[#7.2] KBWAIT -> IDLE (about to resume)
20260817.190025.722 task   Macro[#7.2] running
20260817.190025.722 task   Macro[#7.2] complete, success
20260817.190025.722 task   CB(s3stdin)[#7.1] RUNNING -> IDLE (about to resume)
20260817.190025.722 task   CB(s3stdin)[#7.1] child task done, success
20260817.190025.722 infra  Output for CB(s3stdin)[#7.1]: U F U C(127.0.0.1) I 2 24 80 22 0 0x0 0.001/ok
20260817.190025.722 task   CB(s3stdin)[#7.1] complete, success
20260817.190025.722 task   CB(s3stdin)[#7] complete
20260817.190025.722 sched  Waiting for 4 events
20260817.190025.722 sched  Got 2 fds, 3 events
20260817.190025.722 socket Reading host socket
20260817.190025.722 socket Host socket read complete nr=70
< 0x0   f1c011404040115b5f1dc1115d6b1d60d9e4d5d5c9d5c7404040e5d4f3f7f0c3
< 0x20  c54040ffeff1c2115b5f1dc1115d6b1d60c3d740d9c5c1c4404040e5d4f3f7f0
< 0x40  c3c54040ffef
< Write(reset) SetBufferAddress(1,1) ' ' SetBufferAddress(22,80) StartField ...
... (modified) SetBufferAddress(24,60) StartField(protected) 'RUNNING   VM3 ...
... 70CE  '
20260817.190025.723 telnet RCVD EOR
< Write(reset,restore) SetBufferAddress(22,80) StartField(modified) SetBuff ...
... erAddress(24,60) StartField(protected) 'CP READ   VM370CE  '
20260817.190025.723 telnet RCVD EOR
20260817.190025.723 script s3stdin got 'Wait(Unlock)\n'
20260817.190025.723 task   CB(s3stdin)[#8] started
20260817.190025.723 task   CB(s3stdin)[#8.1] IDLE -> RUNNING (child task to be pushed next)
20260817.190025.723 task   Macro[#8.2] IDLE -> RUNNING (fresh push)
20260817.190025.723 infra  txflush: 75 slots, 2136 bytes
20260817.190025.723 task   Macro[#8.2] RUNNING -> IDLE (about to resume)
20260817.190025.723 task   Macro[#8.2] running
20260817.190025.723 task   Macro[#8.2] IDLE -> RUNNING (executing)
20260817.190025.723 task   Macro[#8.2] 'Wait(Unlock)'
20260817.190025.723 infra  script -> Wait("Unlock")
20260817.190025.723 task   Macro[#8.2] complete, success
20260817.190025.723 task   CB(s3stdin)[#8.1] RUNNING -> IDLE (about to resume)
20260817.190025.723 task   CB(s3stdin)[#8.1] child task done, success
20260817.190025.723 infra  Output for CB(s3stdin)[#8.1]: U F U C(127.0.0.1) I 2 24 80 22 0 0x0 0.000/ok
20260817.190025.723 task   CB(s3stdin)[#8.1] complete, success
20260817.190025.723 task   CB(s3stdin)[#8] complete
20260817.190025.723 sched  Waiting for 4 events
20260817.190025.723 sched  Got 1 fd, 2 events
20260817.190025.723 script s3stdin got 'Clear\n'
20260817.190025.723 task   CB(s3stdin)[#9] started
20260817.190025.723 task   CB(s3stdin)[#9.1] IDLE -> RUNNING (child task to be pushed next)
20260817.190025.723 task   Macro[#9.2] IDLE -> RUNNING (fresh push)
20260817.190025.723 infra  txflush: 30 slots, 1040 bytes
20260817.190025.723 task   Macro[#9.2] RUNNING -> IDLE (about to resume)
20260817.190025.723 task   Macro[#9.2] running
20260817.190025.723 task   Macro[#9.2] IDLE -> RUNNING (executing)
20260817.190025.723 task   Macro[#9.2] 'Clear'
20260817.190025.723 infra  script -> Clear()
20260817.190025.723 kybd   Keyboard lock(key_AID) none +OIA_TWAIT +OIA_LOCKED -> OIA_TWAIT OIA_LOCKED
> Clear
> 0x0   6dffef
20260817.190025.723 telnet SENT EOR
20260817.190025.723 task   Macro[#9.2] RUNNING -> KBWAIT (keyboard locked)
20260817.190025.723 sched  Waiting for 3 events or 0.999 sec
20260817.190025.723 sched  Got 1 fd, 1 event
20260817.190025.723 socket Reading host socket
20260817.190025.723 socket Host socket read complete nr=42
< 0x0   f5c2115b5f1d4d13125d6b115b5f1dc1115d6b1d60d9e4d5d5c9d5c7404040e5
< 0x20  d4f3f7f0c3c54040ffef
< EraseWrite(reset,restore) SetBufferAddress(22,80) StartField(nondisplay,m ...
... odified) InsertCursor(23,1) EraseUnprotectedAll(24,60) SetBufferAddress ...
... (22,80) StartField(modified) SetBufferAddress(24,60) StartField(protect ...
... ed) 'RUNNING   VM370CE  '
20260817.190025.723 kybd   Keyboard unlock(do_reset) OIA_TWAIT OIA_LOCKED -OIA_TWAIT -OIA_LOCKED -> none
20260817.190025.723 infra  Host operation took 0.000208s to complete
20260817.190025.723 telnet RCVD EOR
20260817.190025.723 infra  txflush: 50 slots, 1536 bytes
20260817.190025.723 task   Macro[#9.2] KBWAIT -> IDLE (about to resume)
20260817.190025.723 task   Macro[#9.2] running
20260817.190025.723 task   Macro[#9.2] complete, success
20260817.190025.723 task   CB(s3stdin)[#9.1] RUNNING -> IDLE (about to resume)
20260817.190025.724 task   CB(s3stdin)[#9.1] child task done, success
20260817.190025.724 infra  Output for CB(s3stdin)[#9.1]: U F U C(127.0.0.1) I 2 24 80 22 0 0x0 0.001/ok
20260817.190025.724 task   CB(s3stdin)[#9.1] complete, success
20260817.190025.724 task   CB(s3stdin)[#9] complete
20260817.190025.724 sched  Waiting for 4 events
20260817.190025.724 sched  Got 2 fds, 3 events
20260817.190025.724 socket Reading host socket
20260817.190025.724 socket Host socket read complete nr=33
< 0x0   f1c2115b5f1dc1115d6b1d60c3d740d9c5c1c4404040e5d4f3f7f0c3c54040ff
< 0x20  ef
< Write(reset,restore) SetBufferAddress(22,80) StartField(modified) SetBuff ...
... erAddress(24,60) StartField(protected) 'CP READ   VM370CE  '
20260817.190025.724 telnet RCVD EOR
20260817.190025.724 script s3stdin got 'Wait(Unlock)\n'
20260817.190025.724 task   CB(s3stdin)[#10] started
20260817.190025.724 task   CB(s3stdin)[#10.1] IDLE -> RUNNING (child task to be pushed next)
20260817.190025.724 task   Macro[#10.2] IDLE -> RUNNING (fresh push)
20260817.190025.724 infra  txflush: 49 slots, 1496 bytes
20260817.190025.724 task   Macro[#10.2] RUNNING -> IDLE (about to resume)
20260817.190025.724 task   Macro[#10.2] running
20260817.190025.724 task   Macro[#10.2] IDLE -> RUNNING (executing)
20260817.190025.724 task   Macro[#10.2] 'Wait(Unlock)'
20260817.190025.724 infra  script -> Wait("Unlock")
20260817.190025.724 task   Macro[#10.2] complete, success
20260817.190025.724 task   CB(s3stdin)[#10.1] RUNNING -> IDLE (about to resume)
20260817.190025.724 task   CB(s3stdin)[#10.1] child task done, success
20260817.190025.724 infra  Output for CB(s3stdin)[#10.1]: U F U C(127.0.0.1) I 2 24 80 22 0 0x0 0.000/ok
20260817.190025.724 task   CB(s3stdin)[#10.1] complete, success
20260817.190025.724 task   CB(s3stdin)[#10] complete
20260817.190025.724 sched  Waiting for 4 events
20260817.190025.724 sched  Got 1 fd, 2 events
20260817.190025.724 script s3stdin got 'Enter\n'
20260817.190025.724 task   CB(s3stdin)[#11] started
20260817.190025.724 task   CB(s3stdin)[#11.1] IDLE -> RUNNING (child task to be pushed next)
20260817.190025.724 task   Macro[#11.2] IDLE -> RUNNING (fresh push)
20260817.190025.724 infra  txflush: 30 slots, 1040 bytes
20260817.190025.724 task   Macro[#11.2] RUNNING -> IDLE (about to resume)
20260817.190025.724 task   Macro[#11.2] running
20260817.190025.724 task   Macro[#11.2] IDLE -> RUNNING (executing)
20260817.190025.724 task   Macro[#11.2] 'Enter'
20260817.190025.724 infra  script -> Enter()
20260817.190025.724 kybd   Keyboard lock(key_AID) none +OIA_TWAIT +OIA_LOCKED -> OIA_TWAIT OIA_LOCKED
> Enter(23,1) SetBufferAddress(23,1)
> 0x0   7d5b60115b60ffef
20260817.190025.724 telnet SENT EOR
20260817.190025.724 task   Macro[#11.2] RUNNING -> KBWAIT (keyboard locked)
20260817.190025.724 sched  Waiting for 3 events or 0.999 sec
20260817.190025.724 sched  Got 1 fd, 1 event
20260817.190025.724 socket Reading host socket
20260817.190025.724 socket Host socket read complete nr=42
< 0x0   f1c2115b5f1d4d13125d6b115b5f1dc1115d6b1d60d9e4d5d5c9d5c7404040e5
< 0x20  d4f3f7f0c3c54040ffef
< Write(reset,restore) SetBufferAddress(22,80) StartField(nondisplay,modifi ...
... ed) InsertCursor(23,1) EraseUnprotectedAll(24,60) SetBufferAddress(22,8 ...
... 0) StartField(modified) SetBufferAddress(24,60) StartField(protected) ' ...
... RUNNING   VM370CE  '
20260817.190025.725 kybd   Keyboard unlock(do_reset) OIA_TWAIT OIA_LOCKED -OIA_TWAIT -OIA_LOCKED -> none
20260817.190025.725 infra  Host operation took 0.000201s to complete
20260817.190025.725 telnet RCVD EOR
20260817.190025.725 infra  txflush: 52 slots, 1584 bytes
20260817.190025.725 task   Macro[#11.2] KBWAIT -> IDLE (about to resume)
20260817.190025.725 task   Macro[#11.2] running
20260817.190025.725 task   Macro[#11.2] complete, success
20260817.190025.725 task   CB(s3stdin)[#11.1] RUNNING -> IDLE (about to resume)
20260817.190025.725 task   CB(s3stdin)[#11.1] child task done, success
20260817.190025.725 infra  Output for CB(s3stdin)[#11.1]: U F U C(127.0.0.1) I 2 24 80 22 0 0x0 0.001/ok
20260817.190025.725 task   CB(s3stdin)[#11.1] complete, success
20260817.190025.725 task   CB(s3stdin)[#11] complete
20260817.190025.725 sched  Waiting for 4 events
20260817.190025.725 sched  Got 2 fds, 3 events
20260817.190025.725 socket Reading host socket
20260817.190025.725 socket Host socket read complete nr=70
< 0x0   f1c011404040115b5f1dc1115d6b1d60d9e4d5d5c9d5c7404040e5d4f3f7f0c3
< 0x20  c54040ffeff1c2115b5f1dc1115d6b1d60c3d740d9c5c1c4404040e5d4f3f7f0
< 0x40  c3c54040ffef
< Write(reset) SetBufferAddress(1,1) ' ' SetBufferAddress(22,80) StartField ...
... (modified) SetBufferAddress(24,60) StartField(protected) 'RUNNING   VM3 ...
... 70CE  '
20260817.190025.725 telnet RCVD EOR
< Write(reset,restore) SetBufferAddress(22,80) StartField(modified) SetBuff ...
... erAddress(24,60) StartField(protected) 'CP READ   VM370CE  '
20260817.190025.725 telnet RCVD EOR
20260817.190025.725 script s3stdin got 'Wait(Unlock)\n'
20260817.190025.725 task   CB(s3stdin)[#12] started
20260817.190025.725 task   CB(s3stdin)[#12.1] IDLE -> RUNNING (child task to be pushed next)
20260817.190025.725 task   Macro[#12.2] IDLE -> RUNNING (fresh push)
20260817.190025.725 infra  txflush: 75 slots, 2136 bytes
20260817.190025.725 task   Macro[#12.2] RUNNING -> IDLE (about to resume)
20260817.190025.725 task   Macro[#12.2] running
20260817.190025.725 task   Macro[#12.2] IDLE -> RUNNING (executing)
20260817.190025.725 task   Macro[#12.2] 'Wait(Unlock)'
20260817.190025.725 infra  script -> Wait("Unlock")
20260817.190025.725 task   Macro[#12.2] complete, success
20260817.190025.725 task   CB(s3stdin)[#12.1] RUNNING -> IDLE (about to resume)
20260817.190025.725 task   CB(s3stdin)[#12.1] child task done, success
20260817.190025.725 infra  Output for CB(s3stdin)[#12.1]: U F U C(127.0.0.1) I 2 24 80 22 0 0x0 0.000/ok
20260817.190025.725 task   CB(s3stdin)[#12.1] complete, success
20260817.190025.725 task   CB(s3stdin)[#12] complete
20260817.190025.725 sched  Waiting for 4 events
20260817.190025.725 sched  Got 1 fd, 2 events
20260817.190025.725 script s3stdin got 'Quit\n'
20260817.190025.725 task   CB(s3stdin)[#13] started
20260817.190025.725 task   CB(s3stdin)[#13.1] IDLE -> RUNNING (child task to be pushed next)
20260817.190025.725 task   Macro[#13.2] IDLE -> RUNNING (fresh push)
20260817.190025.725 infra  txflush: 30 slots, 1040 bytes
20260817.190025.725 task   Macro[#13.2] RUNNING -> IDLE (about to resume)
20260817.190025.725 task   Macro[#13.2] running
20260817.190025.725 task   Macro[#13.2] IDLE -> RUNNING (executing)
20260817.190025.725 task   Macro[#13.2] 'Quit'
20260817.190025.725 infra  script -> Quit()
20260817.190025.725 task   Macro[#13.2] complete, success
20260817.190025.725 task   CB(s3stdin)[#13.1] RUNNING -> IDLE (about to resume)
20260817.190025.725 task   CB(s3stdin)[#13.1] child task done, success
20260817.190025.725 infra  Output for CB(s3stdin)[#13.1]: U F U C(127.0.0.1) I 2 24 80 22 0 0x0 0.000/ok
20260817.190025.725 task   CB(s3stdin)[#13.1] complete, success
20260817.190025.725 task   CB(s3stdin)[#13] complete
20260817.190025.725 sched  Timeout(s) already expired
20260817.190025.725 sched  Waiting for 4 events or 0.000 sec
20260817.190025.725 sched  Got 1 fd, 1 event
20260817.190025.725 script s3stdin EOF
20260817.190025.725 infra  Exiting with status 0
20260817.190025.725 infra  st_changed(exiting,true)
20260817.190025.726 infra  st_changed(secure,false)
20260817.190025.726 socket SENT disconnect
20260817.190025.726 infra  cstate [connected-3270] -> [not-connected] (net_disconnect)
20260817.190025.726 infra  st_changed(connect,false)
20260817.190025.726 kybd   Keyboard lock(kybd_connect) none +NOT_CONNECTED -> NOT_CONNECTED
20260817.190025.726 infra  ctlr_enable_cursor(false, connect)
20260817.190025.726 infra  ctlr_enable_cursor(false, nvt)
20260817.190025.726 infra  Trace stopped
